I/ActivityManager(  287): START u0 {act=android.intent.action.MAIN cat=[android.intent.category.LAUNCHER] flg=0x10200000 cmp=com.ayan.oglsample/android.app.NativeActivity} from pid 411
E/SoundPool(  287): error loading /system/media/audio/ui/Effect_Tick.ogg
W/AudioService(  287): Soundpool could not load file: /system/media/audio/ui/Effect_Tick.ogg
E/SoundPool(  287): error loading /system/media/audio/ui/Effect_Tick.ogg
W/AudioService(  287): Soundpool could not load file: /system/media/audio/ui/Effect_Tick.ogg
E/SoundPool(  287): error loading /system/media/audio/ui/Effect_Tick.ogg
W/AudioService(  287): Soundpool could not load file: /system/media/audio/ui/Effect_Tick.ogg
E/SoundPool(  287): error loading /system/media/audio/ui/Effect_Tick.ogg
W/AudioService(  287): Soundpool could not load file: /system/media/audio/ui/Effect_Tick.ogg
E/SoundPool(  287): error loading /system/media/audio/ui/Effect_Tick.ogg
W/AudioService(  287): Soundpool could not load file: /system/media/audio/ui/Effect_Tick.ogg
E/SoundPool(  287): error loading /system/media/audio/ui/KeypressStandard.ogg
W/AudioService(  287): Soundpool could not load file: /system/media/audio/ui/KeypressStandard.ogg
E/SoundPool(  287): error loading /system/media/audio/ui/KeypressSpacebar.ogg
W/AudioService(  287): Soundpool could not load file: /system/media/audio/ui/KeypressSpacebar.ogg
E/SoundPool(  287): error loading /system/media/audio/ui/KeypressDelete.ogg
W/AudioService(  287): Soundpool could not load file: /system/media/audio/ui/KeypressDelete.ogg
E/SoundPool(  287): error loading /system/media/audio/ui/KeypressReturn.ogg
W/AudioService(  287): Soundpool could not load file: /system/media/audio/ui/KeypressReturn.ogg
W/AudioService(  287): onLoadSoundEffects(), Error -1 while loading samples
D/dalvikvm(  287): GC_FOR_ALLOC freed 931K, 35% free 7153K/10864K, paused 239ms, total 246ms
I/WindowManager(  287): Screenshot Window{41dc1fb0 u0 com.android.launcher/com.android.launcher2.Launcher} was all black! mSurfaceLayer=21005 minLayer=21000 maxLayer=21005
I/Choreographer(  411): Skipped 38 frames!  The application may be doing too much work on its main thread.
W/dalvikvm( 1022): PR_CAPBSET_DROP 0 failed: Invalid argument. Please make sure your kernel is compiled with file capabilities support enabled.
W/dalvikvm( 1022): PR_CAPBSET_DROP 1 failed: Invalid argument. Please make sure your kernel is compiled with file capabilities support enabled.
W/dalvikvm( 1022): PR_CAPBSET_DROP 2 failed: Invalid argument. Please make sure your kernel is compiled with file capabilities support enabled.
W/dalvikvm( 1022): PR_CAPBSET_DROP 3 failed: Invalid argument. Please make sure your kernel is compiled with file capabilities support enabled.
W/dalvikvm( 1022): PR_CAPBSET_DROP 4 failed: Invalid argument. Please make sure your kernel is compiled with file capabilities support enabled.
W/dalvikvm( 1022): PR_CAPBSET_DROP 5 failed: Invalid argument. Please make sure your kernel is compiled with file capabilities support enabled.
W/dalvikvm( 1022): PR_CAPBSET_DROP 6 failed: Invalid argument. Please make sure your kernel is compiled with file capabilities support enabled.
W/dalvikvm( 1022): PR_CAPBSET_DROP 7 failed: Invalid argument. Please make sure your kernel is compiled with file capabilities support enabled.
W/dalvikvm( 1022): PR_CAPBSET_DROP 8 failed: Invalid argument. Please make sure your kernel is compiled with file capabilities support enabled.
W/dalvikvm( 1022): PR_CAPBSET_DROP 9 failed: Invalid argument. Please make sure your kernel is compiled with file capabilities support enabled.
W/dalvikvm( 1022): PR_CAPBSET_DROP 10 failed: Invalid argument. Please make sure your kernel is compiled with file capabilities support enabled.
W/dalvikvm( 1022): PR_CAPBSET_DROP 11 failed: Invalid argument. Please make sure your kernel is compiled with file capabilities support enabled.
W/dalvikvm( 1022): PR_CAPBSET_DROP 12 failed: Invalid argument. Please make sure your kernel is compiled with file capabilities support enabled.
W/dalvikvm( 1022): PR_CAPBSET_DROP 13 failed: Invalid argument. Please make sure your kernel is compiled with file capabilities support enabled.
W/dalvikvm( 1022): PR_CAPBSET_DROP 14 failed: Invalid argument. Please make sure your kernel is compiled with file capabilities support enabled.
W/dalvikvm( 1022): PR_CAPBSET_DROP 15 failed: Invalid argument. Please make sure your kernel is compiled with file capabilities support enabled.
W/dalvikvm( 1022): PR_CAPBSET_DROP 16 failed: Invalid argument. Please make sure your kernel is compiled with file capabilities support enabled.
W/dalvikvm( 1022): PR_CAPBSET_DROP 17 failed: Invalid argument. Please make sure your kernel is compiled with file capabilities support enabled.
W/dalvikvm( 1022): PR_CAPBSET_DROP 18 failed: Invalid argument. Please make sure your kernel is compiled with file capabilities support enabled.
W/dalvikvm( 1022): PR_CAPBSET_DROP 19 failed: Invalid argument. Please make sure your kernel is compiled with file capabilities support enabled.
W/dalvikvm( 1022): PR_CAPBSET_DROP 20 failed: Invalid argument. Please make sure your kernel is compiled with file capabilities support enabled.
W/dalvikvm( 1022): PR_CAPBSET_DROP 21 failed: Invalid argument. Please make sure your kernel is compiled with file capabilities support enabled.
W/dalvikvm( 1022): PR_CAPBSET_DROP 22 failed: Invalid argument. Please make sure your kernel is compiled with file capabilities support enabled.
W/dalvikvm( 1022): PR_CAPBSET_DROP 23 failed: Invalid argument. Please make sure your kernel is compiled with file capabilities support enabled.
W/dalvikvm( 1022): PR_CAPBSET_DROP 24 failed: Invalid argument. Please make sure your kernel is compiled with file capabilities support enabled.
W/dalvikvm( 1022): PR_CAPBSET_DROP 25 failed: Invalid argument. Please make sure your kernel is compiled with file capabilities support enabled.
W/dalvikvm( 1022): PR_CAPBSET_DROP 26 failed: Invalid argument. Please make sure your kernel is compiled with file capabilities support enabled.
W/dalvikvm( 1022): PR_CAPBSET_DROP 27 failed: Invalid argument. Please make sure your kernel is compiled with file capabilities support enabled.
W/dalvikvm( 1022): PR_CAPBSET_DROP 28 failed: Invalid argument. Please make sure your kernel is compiled with file capabilities support enabled.
W/dalvikvm( 1022): PR_CAPBSET_DROP 29 failed: Invalid argument. Please make sure your kernel is compiled with file capabilities support enabled.
W/dalvikvm( 1022): PR_CAPBSET_DROP 30 failed: Invalid argument. Please make sure your kernel is compiled with file capabilities support enabled.
W/dalvikvm( 1022): PR_CAPBSET_DROP 31 failed: Invalid argument. Please make sure your kernel is compiled with file capabilities support enabled.
W/dalvikvm( 1022): PR_CAPBSET_DROP 32 failed: Invalid argument. Please make sure your kernel is compiled with file capabilities support enabled.
W/dalvikvm( 1022): PR_CAPBSET_DROP 33 failed: Invalid argument. Please make sure your kernel is compiled with file capabilities support enabled.
I/ActivityManager(  287): Start proc com.ayan.oglsample for activity com.ayan.oglsample/android.app.NativeActivity: pid=1022 uid=10046 gids={50046, 1028}
D/dalvikvm( 1022): Not late-enabling CheckJNI (already on)
D/OGLSample( 1022): app_dummy
D/OGLSample( 1022): EGLRenderer create and add to kernel begin
D/OGLSample( 1022): EGLRenderer create and add to kernel end
D/OGLSample( 1022): android task create and add to kernel begin
D/OGLSample( 1022): android task create and add to kernel end
D/OGLSample( 1022): kernel execute begin
D/OGLSample( 1022): android_handle_cmd() APP_CMD_RESUME cmd begin
D/OGLSample( 1022): android_handle_cmd() APP_CMD_RESUME cmd end
D/OGLSample( 1022): android_handle_cmd() APP_CMD_INIT_WINDOW cmd begin
D/OGLSample( 1022): android_handle_cmd() app->window != null
D/OGLSample( 1022): EGLRenderer Init() begin
D/libEGL  ( 1022): loaded /system/lib/egl/libEGL_emulation.so
D/        ( 1022): HostConnection::get() New Host Connection established 0x2a1cf298, tid 1035
I/ActivityManager(  287): Displayed com.ayan.oglsample/android.app.NativeActivity: +1s419ms
D/libEGL  ( 1022): loaded /system/lib/egl/libGLESv1_CM_emulation.so
D/libEGL  ( 1022): loaded /system/lib/egl/libGLESv2_emulation.so
D/OGLSample( 1022): EGLRenderer eglCreateWindowSurface() success
D/OGLSample( 1022): EGLRenderer eglCreateContext() success
D/OGLSample( 1022): EGLRenderer eglMakeCurrent() success
D/OGLSample( 1022): EGLRenderer eglQuerySurface() success, m_width is 768
D/OGLSample( 1022): EGLRenderer eglQuerySurface() success, m_height is 1184
D/OGLSample( 1022): EGLRenderer set m_bInitialized and m_bRendering be true
D/OGLSample( 1022): EGLRenderer Init() end
D/OGLSample( 1022): android_handle_cmd() APP_CMD_INIT_WINDOW cmd end
I/OGLSample( 1022): Received motion event from pointer 0: (226.00, 708.00)
I/OGLSample( 1022): Received motion event from pointer 0: (226.00, 708.00)
I/OGLSample( 1022): Received motion event from pointer 0: (265.00, 911.00)
I/OGLSample( 1022): Received motion event from pointer 0: (265.00, 911.00)
I/OGLSample( 1022): Received key event: 4
I/OGLSample( 1022): Received key event: 4
E/SoundPool(  287): error loading /system/media/audio/ui/Effect_Tick.ogg
W/AudioService(  287): Soundpool could not load file: /system/media/audio/ui/Effect_Tick.ogg
E/SoundPool(  287): error loading /system/media/audio/ui/Effect_Tick.ogg
W/AudioService(  287): Soundpool could not load file: /system/media/audio/ui/Effect_Tick.ogg
E/SoundPool(  287): error loading /system/media/audio/ui/Effect_Tick.ogg
W/AudioService(  287): Soundpool could not load file: /system/media/audio/ui/Effect_Tick.ogg
E/SoundPool(  287): error loading /system/media/audio/ui/Effect_Tick.ogg
W/AudioService(  287): Soundpool could not load file: /system/media/audio/ui/Effect_Tick.ogg
E/SoundPool(  287): error loading /system/media/audio/ui/Effect_Tick.ogg
W/AudioService(  287): Soundpool could not load file: /system/media/audio/ui/Effect_Tick.ogg
E/SoundPool(  287): error loading /system/media/audio/ui/KeypressStandard.ogg
W/AudioService(  287): Soundpool could not load file: /system/media/audio/ui/KeypressStandard.ogg
E/SoundPool(  287): error loading /system/media/audio/ui/KeypressSpacebar.ogg
W/AudioService(  287): Soundpool could not load file: /system/media/audio/ui/KeypressSpacebar.ogg
E/SoundPool(  287): error loading /system/media/audio/ui/KeypressDelete.ogg
W/AudioService(  287): Soundpool could not load file: /system/media/audio/ui/KeypressDelete.ogg
E/SoundPool(  287): error loading /system/media/audio/ui/KeypressReturn.ogg
W/AudioService(  287): Soundpool could not load file: /system/media/audio/ui/KeypressReturn.ogg
W/AudioService(  287): onLoadSoundEffects(), Error -1 while loading samples
I/OGLSample( 1022): Received motion event from pointer 0: (304.00, 693.00)
I/OGLSample( 1022): Received motion event from pointer 0: (304.00, 693.00)
I/OGLSample( 1022): Received motion event from pointer 0: (296.00, 843.00)
I/OGLSample( 1022): Received motion event from pointer 0: (296.00, 843.00)
V/DeadZone(  347): consuming errant click: (386.0,21.0)
I/ActivityManager(  287): START u0 {act=android.intent.action.MAIN cat=[android.intent.category.HOME] flg=0x10200000 cmp=com.android.launcher/com.android.launcher2.Launcher} from pid 287
E/SoundPool(  287): error loading /system/media/audio/ui/Effect_Tick.ogg
W/AudioService(  287): Soundpool could not load file: /system/media/audio/ui/Effect_Tick.ogg
E/SoundPool(  287): error loading /system/media/audio/ui/Effect_Tick.ogg
W/AudioService(  287): Soundpool could not load file: /system/media/audio/ui/Effect_Tick.ogg
E/SoundPool(  287): error loading /system/media/audio/ui/Effect_Tick.ogg
W/AudioService(  287): Soundpool could not load file: /system/media/audio/ui/Effect_Tick.ogg
E/SoundPool(  287): error loading /system/media/audio/ui/Effect_Tick.ogg
W/AudioService(  287): Soundpool could not load file: /system/media/audio/ui/Effect_Tick.ogg
E/SoundPool(  287): error loading /system/media/audio/ui/Effect_Tick.ogg
W/AudioService(  287): Soundpool could not load file: /system/media/audio/ui/Effect_Tick.ogg
E/SoundPool(  287): error loading /system/media/audio/ui/KeypressStandard.ogg
W/AudioService(  287): Soundpool could not load file: /system/media/audio/ui/KeypressStandard.ogg
E/SoundPool(  287): error loading /system/media/audio/ui/KeypressSpacebar.ogg
W/AudioService(  287): Soundpool could not load file: /system/media/audio/ui/KeypressSpacebar.ogg
E/SoundPool(  287): error loading /system/media/audio/ui/KeypressDelete.ogg
W/AudioService(  287): Soundpool could not load file: /system/media/audio/ui/KeypressDelete.ogg
E/SoundPool(  287): error loading /system/media/audio/ui/KeypressReturn.ogg
W/AudioService(  287): Soundpool could not load file: /system/media/audio/ui/KeypressReturn.ogg
W/AudioService(  287): onLoadSoundEffects(), Error -1 while loading samples
D/dalvikvm(  287): GC_FOR_ALLOC freed 1228K, 37% free 6869K/10864K, paused 230ms, total 249ms
I/WindowManager(  287): Screenshot Window{41bb4398 u0 com.ayan.oglsample/android.app.NativeActivity} was all black! mSurfaceLayer=21005 minLayer=21000 maxLayer=21005
D/dalvikvm(  287): GC_FOR_ALLOC freed 923K, 39% free 6689K/10864K, paused 332ms, total 332ms
I/Choreographer(  347): Skipped 38 frames!  The application may be doing too much work on its main thread.
W/EGL_emulation(  411): eglSurfaceAttrib not implemented
D/OGLSample( 1022): android_handle_cmd() APP_CMD_TERM_WINDOW cmd begin
D/OGLSample( 1022): android_handle_cmd() APP_CMD_TERM_WINDOW cmd end
D/dalvikvm(  411): GC_FOR_ALLOC freed 2461K, 32% free 9208K/13404K, paused 60ms, total 68ms
E/SoundPool(  287): error loading /system/media/audio/ui/Effect_Tick.ogg
W/AudioService(  287): Soundpool could not load file: /system/media/audio/ui/Effect_Tick.ogg
E/SoundPool(  287): error loading /system/media/audio/ui/Effect_Tick.ogg
W/AudioService(  287): Soundpool could not load file: /system/media/audio/ui/Effect_Tick.ogg
E/SoundPool(  287): error loading /system/media/audio/ui/Effect_Tick.ogg
W/AudioService(  287): Soundpool could not load file: /system/media/audio/ui/Effect_Tick.ogg
E/SoundPool(  287): error loading /system/media/audio/ui/Effect_Tick.ogg
W/AudioService(  287): Soundpool could not load file: /system/media/audio/ui/Effect_Tick.ogg
E/SoundPool(  287): error loading /system/media/audio/ui/Effect_Tick.ogg
W/AudioService(  287): Soundpool could not load file: /system/media/audio/ui/Effect_Tick.ogg
E/SoundPool(  287): error loading /system/media/audio/ui/KeypressStandard.ogg
W/AudioService(  287): Soundpool could not load file: /system/media/audio/ui/KeypressStandard.ogg
E/SoundPool(  287): error loading /system/media/audio/ui/KeypressSpacebar.ogg
W/AudioService(  287): Soundpool could not load file: /system/media/audio/ui/KeypressSpacebar.ogg
E/SoundPool(  287): error loading /system/media/audio/ui/KeypressDelete.ogg
W/AudioService(  287): Soundpool could not load file: /system/media/audio/ui/KeypressDelete.ogg
E/SoundPool(  287): error loading /system/media/audio/ui/KeypressReturn.ogg
W/AudioService(  287): Soundpool could not load file: /system/media/audio/ui/KeypressReturn.ogg
W/AudioService(  287): onLoadSoundEffects(), Error -1 while loading samples
D/android.widget.GridLayout(  411): horizontal constraints: x1-x0>=350, x2-x1>=390, x2-x0<=736 are inconsistent; permanently removing: x2-x0<=736. 
D/android.widget.GridLayout(  411): horizontal constraints: x1-x0>=350, x2-x1>=390, x2-x0<=736 are inconsistent; permanently removing: x2-x0<=736. 
D/android.widget.GridLayout(  411): horizontal constraints: x1-x0>=350, x2-x1>=390, x2-x0<=736 are inconsistent; permanently removing: x2-x0<=736. 
D/android.widget.GridLayout(  411): horizontal constraints: x1-x0>=350, x2-x1>=390, x2-x0<=736 are inconsistent; permanently removing: x2-x0<=736. 
I/Choreographer(  411): Skipped 46 frames!  The application may be doing too much work on its main thread.
E/SoundPool(  287): error loading /system/media/audio/ui/Effect_Tick.ogg
W/AudioService(  287): Soundpool could not load file: /system/media/audio/ui/Effect_Tick.ogg
E/SoundPool(  287): error loading /system/media/audio/ui/Effect_Tick.ogg
W/AudioService(  287): Soundpool could not load file: /system/media/audio/ui/Effect_Tick.ogg
E/SoundPool(  287): error loading /system/media/audio/ui/Effect_Tick.ogg
W/AudioService(  287): Soundpool could not load file: /system/media/audio/ui/Effect_Tick.ogg
E/SoundPool(  287): error loading /system/media/audio/ui/Effect_Tick.ogg
W/AudioService(  287): Soundpool could not load file: /system/media/audio/ui/Effect_Tick.ogg
E/SoundPool(  287): error loading /system/media/audio/ui/Effect_Tick.ogg
W/AudioService(  287): Soundpool could not load file: /system/media/audio/ui/Effect_Tick.ogg
E/SoundPool(  287): error loading /system/media/audio/ui/KeypressStandard.ogg
W/AudioService(  287): Soundpool could not load file: /system/media/audio/ui/KeypressStandard.ogg
E/SoundPool(  287): error loading /system/media/audio/ui/KeypressSpacebar.ogg
W/AudioService(  287): Soundpool could not load file: /system/media/audio/ui/KeypressSpacebar.ogg
E/SoundPool(  287): error loading /system/media/audio/ui/KeypressDelete.ogg
W/AudioService(  287): Soundpool could not load file: /system/media/audio/ui/KeypressDelete.ogg
E/SoundPool(  287): error loading /system/media/audio/ui/KeypressReturn.ogg
W/AudioService(  287): Soundpool could not load file: /system/media/audio/ui/KeypressReturn.ogg
W/AudioService(  287): onLoadSoundEffects(), Error -1 while loading samples
I/ActivityManager(  287): START u0 {act=android.intent.action.MAIN cat=[android.intent.category.LAUNCHER] flg=0x10200000 cmp=com.ayan.oglsample/android.app.NativeActivity} from pid 411
D/dalvikvm(  287): GC_FOR_ALLOC freed 64K, 32% free 7438K/10864K, paused 248ms, total 250ms
I/WindowManager(  287): Screenshot Window{41dc1fb0 u0 com.android.launcher/com.android.launcher2.Launcher} was all black! mSurfaceLayer=21005 minLayer=21005 maxLayer=21010
D/dalvikvm(  287): GC_FOR_ALLOC freed 752K, 36% free 7059K/10864K, paused 311ms, total 316ms
I/Choreographer(  411): Skipped 50 frames!  The application may be doing too much work on its main thread.
D/OGLSample( 1022): android_handle_cmd() APP_CMD_RESUME cmd begin
D/OGLSample( 1022): android_handle_cmd() APP_CMD_RESUME cmd end
D/OGLSample( 1022): android_handle_cmd() APP_CMD_INIT_WINDOW cmd begin
D/OGLSample( 1022): android_handle_cmd() app->window != null
D/OGLSample( 1022): EGLRenderer Init() begin
D/OGLSample( 1022): EGLRenderer eglCreateWindowSurface() success
D/OGLSample( 1022): EGLRenderer eglCreateContext() success
D/OGLSample( 1022): EGLRenderer eglMakeCurrent() success
D/OGLSample( 1022): EGLRenderer eglQuerySurface() success, m_width is 768
D/OGLSample( 1022): EGLRenderer eglQuerySurface() success, m_height is 1184
D/OGLSample( 1022): EGLRenderer set m_bInitialized and m_bRendering be true
D/OGLSample( 1022): EGLRenderer Init() end
D/OGLSample( 1022): android_handle_cmd() APP_CMD_INIT_WINDOW cmd end
D/dalvikvm(  411): GC_FOR_ALLOC freed 735K, 23% free 10400K/13404K, paused 93ms, total 113ms
E/        (  411): RS Message thread exiting.
E/RenderScript(  411): rsAssert failed: !mTypes.size(), in frameworks/rs/rsType.cpp at 59
E/RenderScript(  411): rsAssert failed: !mElements.size(), in frameworks/rs/rsElement.cpp at 375
I/OGLSample( 1022): Received motion event from pointer 0: (539.00, 1001.00)
I/OGLSample( 1022): Received motion event from pointer 0: (539.00, 1001.00)
I/OGLSample( 1022): Received motion event from pointer 0: (515.00, 855.00)
I/OGLSample( 1022): Received motion event from pointer 0: (515.00, 855.00)
I/Choreographer(  347): Skipped 35 frames!  The application may be doing too much work on its main thread.
D/dalvikvm(  287): GC_FOR_ALLOC freed 392K, 32% free 7432K/10864K, paused 390ms, total 393ms
E/SoundPool(  287): error loading /system/media/audio/ui/Effect_Tick.ogg
W/AudioService(  287): Soundpool could not load file: /system/media/audio/ui/Effect_Tick.ogg
E/SoundPool(  287): error loading /system/media/audio/ui/Effect_Tick.ogg
W/AudioService(  287): Soundpool could not load file: /system/media/audio/ui/Effect_Tick.ogg
E/SoundPool(  287): error loading /system/media/audio/ui/Effect_Tick.ogg
W/AudioService(  287): Soundpool could not load file: /system/media/audio/ui/Effect_Tick.ogg
E/SoundPool(  287): error loading /system/media/audio/ui/Effect_Tick.ogg
W/AudioService(  287): Soundpool could not load file: /system/media/audio/ui/Effect_Tick.ogg
E/SoundPool(  287): error loading /system/media/audio/ui/Effect_Tick.ogg
W/AudioService(  287): Soundpool could not load file: /system/media/audio/ui/Effect_Tick.ogg
E/SoundPool(  287): error loading /system/media/audio/ui/KeypressStandard.ogg
W/AudioService(  287): Soundpool could not load file: /system/media/audio/ui/KeypressStandard.ogg
E/SoundPool(  287): error loading /system/media/audio/ui/KeypressSpacebar.ogg
W/AudioService(  287): Soundpool could not load file: /system/media/audio/ui/KeypressSpacebar.ogg
E/SoundPool(  287): error loading /system/media/audio/ui/KeypressDelete.ogg
W/AudioService(  287): Soundpool could not load file: /system/media/audio/ui/KeypressDelete.ogg
E/SoundPool(  287): error loading /system/media/audio/ui/KeypressReturn.ogg
W/AudioService(  287): Soundpool could not load file: /system/media/audio/ui/KeypressReturn.ogg
W/AudioService(  287): onLoadSoundEffects(), Error -1 while loading samples
I/WindowManager(  287): Screenshot Window{41bb4398 u0 com.ayan.oglsample/android.app.NativeActivity} was all black! mSurfaceLayer=21010 minLayer=21000 maxLayer=21010
D/dalvikvm(  287): GC_FOR_ALLOC freed 761K, 36% free 7058K/10864K, paused 165ms, total 166ms
I/ActivityManager(  287): START u0 {act=com.android.systemui.recent.action.TOGGLE_RECENTS flg=0x10800000 cmp=com.android.systemui/.recent.RecentsActivity (has extras)} from pid 347
D/dalvikvm(  287): GC_FOR_ALLOC freed 750K, 36% free 7058K/10864K, paused 191ms, total 192ms
I/Choreographer(  347): Skipped 48 frames!  The application may be doing too much work on its main thread.
D/        (   36): HostConnection::get() New Host Connection established 0x2a0183f0, tid 1052
D/dalvikvm(  347): GC_FOR_ALLOC freed 1917K, 57% free 9235K/21380K, paused 493ms, total 494ms
W/EGL_emulation(  347): eglSurfaceAttrib not implemented
I/ActivityManager(  287): Displayed com.android.systemui/.recent.RecentsActivity: +1s847ms
E/BufferQueue(   36): [com.ayan.oglsample/android.app.NativeActivity] queueBuffer: BufferQueue has been abandoned!
E/Surface ( 1022): queueBuffer: error queuing buffer to SurfaceTexture, -19
E/BufferQueue(   36): [com.ayan.oglsample/android.app.NativeActivity] dequeueBuffer: BufferQueue has been abandoned!
E/EGL_emulation( 1022): tid 1035: swapBuffers(321): error 0x3003 (EGL_BAD_ALLOC)
D/OGLSample( 1022): android_handle_cmd() APP_CMD_TERM_WINDOW cmd begin
D/OGLSample( 1022): android_handle_cmd() APP_CMD_TERM_WINDOW cmd end
E/SoundPool(  287): error loading /system/media/audio/ui/Effect_Tick.ogg
W/AudioService(  287): Soundpool could not load file: /system/media/audio/ui/Effect_Tick.ogg
E/SoundPool(  287): error loading /system/media/audio/ui/Effect_Tick.ogg
W/AudioService(  287): Soundpool could not load file: /system/media/audio/ui/Effect_Tick.ogg
E/SoundPool(  287): error loading /system/media/audio/ui/Effect_Tick.ogg
W/AudioService(  287): Soundpool could not load file: /system/media/audio/ui/Effect_Tick.ogg
E/SoundPool(  287): error loading /system/media/audio/ui/Effect_Tick.ogg
W/AudioService(  287): Soundpool could not load file: /system/media/audio/ui/Effect_Tick.ogg
E/SoundPool(  287): error loading /system/media/audio/ui/Effect_Tick.ogg
W/AudioService(  287): Soundpool could not load file: /system/media/audio/ui/Effect_Tick.ogg
E/SoundPool(  287): error loading /system/media/audio/ui/KeypressStandard.ogg
W/AudioService(  287): Soundpool could not load file: /system/media/audio/ui/KeypressStandard.ogg
E/SoundPool(  287): error loading /system/media/audio/ui/KeypressSpacebar.ogg
W/AudioService(  287): Soundpool could not load file: /system/media/audio/ui/KeypressSpacebar.ogg
E/SoundPool(  287): error loading /system/media/audio/ui/KeypressDelete.ogg
W/AudioService(  287): Soundpool could not load file: /system/media/audio/ui/KeypressDelete.ogg
E/SoundPool(  287): error loading /system/media/audio/ui/KeypressReturn.ogg
W/AudioService(  287): Soundpool could not load file: /system/media/audio/ui/KeypressReturn.ogg
W/AudioService(  287): onLoadSoundEffects(), Error -1 while loading samples
D/dalvikvm(  287): GC_FOR_ALLOC freed 1158K, 39% free 6697K/10864K, paused 111ms, total 124ms
I/WindowManager(  287): Screenshot Window{41d91bd0 u0 com.android.systemui/com.android.systemui.recent.RecentsActivity} was all black! mSurfaceLayer=21010 minLayer=21010 maxLayer=21015
D/dalvikvm(  287): GC_FOR_ALLOC freed 753K, 39% free 6688K/10864K, paused 102ms, total 103ms
D/OGLSample( 1022): android_handle_cmd() APP_CMD_RESUME cmd begin
D/OGLSample( 1022): android_handle_cmd() APP_CMD_RESUME cmd end
D/OGLSample( 1022): android_handle_cmd() APP_CMD_INIT_WINDOW cmd begin
D/OGLSample( 1022): android_handle_cmd() app->window != null
D/OGLSample( 1022): EGLRenderer Init() begin
D/OGLSample( 1022): EGLRenderer eglCreateWindowSurface() success
D/OGLSample( 1022): EGLRenderer eglCreateContext() success
D/OGLSample( 1022): EGLRenderer eglMakeCurrent() success
D/OGLSample( 1022): EGLRenderer eglQuerySurface() success, m_width is 768
D/OGLSample( 1022): EGLRenderer eglQuerySurface() success, m_height is 1184
D/OGLSample( 1022): EGLRenderer set m_bInitialized and m_bRendering be true
D/OGLSample( 1022): EGLRenderer Init() end
D/OGLSample( 1022): android_handle_cmd() APP_CMD_INIT_WINDOW cmd end
I/OGLSample( 1022): Received motion event from pointer 0: (509.00, 897.00)
I/OGLSample( 1022): Received motion event from pointer 0: (509.00, 897.00)
I/OGLSample( 1022): Received motion event from pointer 0: (508.00, 990.00)
I/OGLSample( 1022): Received motion event from pointer 0: (508.00, 990.00)
D/dalvikvm(  287): GC_FOR_ALLOC freed 392K, 35% free 7066K/10864K, paused 328ms, total 330ms
E/SoundPool(  287): error loading /system/media/audio/ui/Effect_Tick.ogg
W/AudioService(  287): Soundpool could not load file: /system/media/audio/ui/Effect_Tick.ogg
E/SoundPool(  287): error loading /system/media/audio/ui/Effect_Tick.ogg
W/AudioService(  287): Soundpool could not load file: /system/media/audio/ui/Effect_Tick.ogg
E/SoundPool(  287): error loading /system/media/audio/ui/Effect_Tick.ogg
W/AudioService(  287): Soundpool could not load file: /system/media/audio/ui/Effect_Tick.ogg
E/SoundPool(  287): error loading /system/media/audio/ui/Effect_Tick.ogg
W/AudioService(  287): Soundpool could not load file: /system/media/audio/ui/Effect_Tick.ogg
E/SoundPool(  287): error loading /system/media/audio/ui/Effect_Tick.ogg
W/AudioService(  287): Soundpool could not load file: /system/media/audio/ui/Effect_Tick.ogg
E/SoundPool(  287): error loading /system/media/audio/ui/KeypressStandard.ogg
W/AudioService(  287): Soundpool could not load file: /system/media/audio/ui/KeypressStandard.ogg
E/SoundPool(  287): error loading /system/media/audio/ui/KeypressSpacebar.ogg
W/AudioService(  287): Soundpool could not load file: /system/media/audio/ui/KeypressSpacebar.ogg
E/SoundPool(  287): error loading /system/media/audio/ui/KeypressDelete.ogg
W/AudioService(  287): Soundpool could not load file: /system/media/audio/ui/KeypressDelete.ogg
E/SoundPool(  287): error loading /system/media/audio/ui/KeypressReturn.ogg
W/AudioService(  287): Soundpool could not load file: /system/media/audio/ui/KeypressReturn.ogg
W/AudioService(  287): onLoadSoundEffects(), Error -1 while loading samples
I/WindowManager(  287): Screenshot Window{41bb4398 u0 com.ayan.oglsample/android.app.NativeActivity} was all black! mSurfaceLayer=21015 minLayer=21000 maxLayer=21015
D/dalvikvm(  287): GC_FOR_ALLOC freed 760K, 35% free 7064K/10864K, paused 381ms, total 398ms
I/ActivityManager(  287): START u0 {act=com.android.systemui.recent.action.TOGGLE_RECENTS flg=0x10800000 cmp=com.android.systemui/.recent.RecentsActivity (has extras)} from pid 347
D/dalvikvm(  287): GC_FOR_ALLOC freed 751K, 35% free 7064K/10864K, paused 281ms, total 282ms
I/Choreographer(  347): Skipped 91 frames!  The application may be doing too much work on its main thread.
W/EGL_emulation(  347): eglSurfaceAttrib not implemented
D/OGLSample( 1022): android_handle_cmd() APP_CMD_TERM_WINDOW cmd begin
D/OGLSample( 1022): android_handle_cmd() APP_CMD_TERM_WINDOW cmd end
D/dalvikvm(  287): GC_FOR_ALLOC freed 394K, 32% free 7441K/10864K, paused 89ms, total 91ms
D/dalvikvm(  287): GC_FOR_ALLOC freed 5K, 29% free 7808K/10864K, paused 106ms, total 113ms
I/dalvikvm-heap(  287): Grow heap (frag case) to 8.144MB for 380496-byte allocation
D/dalvikvm(  287): GC_FOR_ALLOC freed <1K, 28% free 8179K/11236K, paused 119ms, total 120ms
I/WindowManager(  287): Screenshot Window{41d91bd0 u0 com.android.systemui/com.android.systemui.recent.RecentsActivity} was all black! mSurfaceLayer=21015 minLayer=21010 maxLayer=21015
D/dalvikvm(  287): GC_FOR_ALLOC freed 746K, 34% free 7436K/11236K, paused 92ms, total 93ms
I/ActivityManager(  287): Killing 1022:com.ayan.oglsample/u0a10046: remove task
I/Choreographer(  347): Skipped 33 frames!  The application may be doing too much work on its main thread.
I/WindowState(  287): WIN DEATH: Window{41bb4398 u0 com.ayan.oglsample/android.app.NativeActivity}
E/InputDispatcher(  287): Received spurious receive callback for unknown input channel.  fd=163, events=0x9
D/android.widget.GridLayout(  411): horizontal constraints: x1-x0>=350, x2-x1>=390, x2-x0<=736 are inconsistent; permanently removing: x2-x0<=736. 
D/android.widget.GridLayout(  411): horizontal constraints: x1-x0>=350, x2-x1>=390, x2-x0<=736 are inconsistent; permanently removing: x2-x0<=736. 
D/android.widget.GridLayout(  411): horizontal constraints: x1-x0>=350, x2-x1>=390, x2-x0<=736 are inconsistent; permanently removing: x2-x0<=736. 
D/android.widget.GridLayout(  411): horizontal constraints: x1-x0>=350, x2-x1>=390, x2-x0<=736 are inconsistent; permanently removing: x2-x0<=736. 
W/EGL_emulation(  411): eglSurfaceAttrib not implemented
I/InputDispatcher(  287): Window 'Window{41dc1fb0 u0 com.android.launcher/com.android.launcher2.Launcher}' spent 2305.8ms processing the last input event: MotionEvent(action=0, deviceId=0, source=0x00001002, displayId=0)
I/InputDispatcher(  287): Window 'Window{41dc1fb0 u0 com.android.launcher/com.android.launcher2.Launcher}' spent 2175.9ms processing the last input event: MotionEvent(action=1, deviceId=0, source=0x00001002, displayId=0)
